// Jest Snapshot v1, https://goo.gl/fbAQLP

exports[`ShowContainer should render 1`] = `ShallowWrapper {}`;
