// Jest Snapshot v1, https://goo.gl/fbAQLP

exports[`IndexContainer should render 1`] = `ShallowWrapper {}`;
