// Jest Snapshot v1, https://goo.gl/fbAQLP

exports[`CatalogConnect should render with the store 1`] = `ReactWrapper {}`;
