// Jest Snapshot v1, https://goo.gl/fbAQLP

exports[`CatalogShow should render 1`] = `ShallowWrapper {}`;
