// Jest Snapshot v1, https://goo.gl/fbAQLP

exports[`Brewery should render 1`] = `ShallowWrapper {}`;
