// Jest Snapshot v1, https://goo.gl/fbAQLP

exports[`Wine should render 1`] = `ShallowWrapper {}`;
