// Jest Snapshot v1, https://goo.gl/fbAQLP

exports[`LandingConnect should render with the store 1`] = `ReactWrapper {}`;
