// Jest Snapshot v1, https://goo.gl/fbAQLP

exports[`SearchResults should render and empty container if searchResults is empty 1`] = `ShallowWrapper {}`;

exports[`SearchResults should render and the items if present 1`] = `ShallowWrapper {}`;

exports[`SearchResults should render the spinner if loading 1`] = `ReactWrapper {}`;
