// Jest Snapshot v1, https://goo.gl/fbAQLP

exports[`Paginator should render the Paginator 1`] = `ShallowWrapper {}`;
