// Jest Snapshot v1, https://goo.gl/fbAQLP

exports[`ProductTile should render 1`] = `ShallowWrapper {}`;
