// Jest Snapshot v1, https://goo.gl/fbAQLP

exports[`Spinner should render the Spinner 1`] = `ShallowWrapper {}`;
