// Jest Snapshot v1, https://goo.gl/fbAQLP

exports[`StarRating should render the StarRating 1`] = `ShallowWrapper {}`;
