// Jest Snapshot v1, https://goo.gl/fbAQLP

exports[`SaqContainer should render 1`] = `ShallowWrapper {}`;
