// Jest Snapshot v1, https://goo.gl/fbAQLP

exports[`Footer should render the Footer 1`] = `ShallowWrapper {}`;
